[backblue.gif]
[fade.gif]
[index.html]
[mythemepreviews.com/uno_personal/image/img/headshot.jpg]
[mythemepreviews.com/uno_personal/image/img/godown.png]
[mythemepreviews.com/uno_personal/image/img/signature.png]
[mythemepreviews.com/uno_personal/image/img/client1.png]
[mythemepreviews.com/uno_personal/image/img/client2.png]
[mythemepreviews.com/uno_personal/image/img/client3.png]
[mythemepreviews.com/uno_personal/image/img/client4.png]
[mythemepreviews.com/uno_personal/image/img/client5.png]
[mythemepreviews.com/uno_personal/image/img/client6.png]
[mythemepreviews.com/uno_personal/image/img/port1.jpg]
[mythemepreviews.com/uno_personal/image/img/port2.jpg]
[mythemepreviews.com/uno_personal/image/img/port3.jpg]
[mythemepreviews.com/uno_personal/image/img/port4.jpg]
[mythemepreviews.com/uno_personal/image/img/port5.jpg]
[mythemepreviews.com/uno_personal/image/img/port6.jpg]
[ajax.googleapis.com/ajax/libs/jquery/1.11.0/jquery.min.js]
[mythemepreviews.com/uno_personal/image/js/jquery-1.11.0.min.js]
[mythemepreviews.com/uno_personal/image/js/owl.carousel.js]
[mythemepreviews.com/uno_personal/image/js/jquery.fitvids.js]
[mythemepreviews.com/uno_personal/image/js/jquery.fancybox.pack8cbb.js]
[mythemepreviews.com/uno_personal/image/js/retina.js]
[mythemepreviews.com/uno_personal/image/js/jquery.scrollToTop.min.js]
[mythemepreviews.com/uno_personal/image/js/jquery.fs.wallpaper.js]
[mythemepreviews.com/uno_personal/image/js/jquery.easing.1.3.js]
[mythemepreviews.com/uno_personal/image/js/jquery.plusanchor.js]
[mythemepreviews.com/uno_personal/image/js/jquery.knob.js]
[mythemepreviews.com/uno_personal/image/js/app.js]
[mythemepreviews.com/uno_personal/image/js/wow.min.js]
[mythemepreviews.com/uno_personal/image/index.html]
[mythemepreviews.com/uno_personal/image/img/up.png]
[mythemepreviews.com/uno_personal/image/img/background2.jpg]
[mythemepreviews.com/uno_personal/image/img/magnify.gif]
[mythemepreviews.com/uno_personal/image/img/grabbing.png]
[mythemepreviews.com/uno_personal/image/css/main.css]
[mythemepreviews.com/uno_personal/image/css/owl.carousel.css]
[mythemepreviews.com/uno_personal/image/css/AjaxLoader.gif]
[mythemepreviews.com/uno_personal/image/css/owl.theme.css]
[mythemepreviews.com/uno_personal/image/font/fontellocaa1.eot]
[mythemepreviews.com/uno_personal/image/font/fontellocaa1.woff]
[mythemepreviews.com/uno_personal/image/font/fontellocaa1.ttf]
[mythemepreviews.com/uno_personal/image/css/fontello.css]
[mythemepreviews.com/uno_personal/image/css/fancybox_sprite.png]
[mythemepreviews.com/uno_personal/image/css/fancybox_loading.gif]
[mythemepreviews.com/uno_personal/image/css/blank.gif]
[mythemepreviews.com/uno_personal/image/css/fancybox_overlay.png]
[mythemepreviews.com/uno_personal/image/css/fancybox_sprite@2x.png]
[mythemepreviews.com/uno_personal/image/css/fancybox_loading@2x.gif]
[mythemepreviews.com/uno_personal/image/css/jquery.fancybox8cbb.css]
[mythemepreviews.com/uno_personal/image/css/jquery.fs.wallpaper.css]
[mythemepreviews.com/uno_personal/image/css/animate.css]
[mythemepreviews.com/uno_personal/image/css/grabbing.html]
[mythemepreviews.com/uno_personal/image/font/fontellocaa1.svg]
